// Jest Snapshot v1, https://goo.gl/fbAQLP

exports[`renders the logo and navigation links 1`] = `
<div>
  <nav
    class="navbar navbar-expand-lg navbar-dark bg-dark sticky-top"
  >
    <div
      class="container"
    >
      <a
        class="navbar-brand"
        href="/"
      >
        <img
          alt="Siete Octavos Logo"
          class="d-inline-block align-top"
          height="40"
          src="/logo.png"
        />
      </a>
      <button
        aria-controls="basic-navbar-nav"
        aria-label="Toggle navigation"
        class="navbar-toggler collapsed"
        type="button"
      >
        <span
          class="navbar-toggler-icon"
        />
      </button>
      <div
        class="navbar-collapse collapse"
        id="basic-navbar-nav"
      >
        <div
          class="ml-auto navbar-nav"
        >
          <a
            class="active nav-link"
            data-rr-ui-event-key="/"
            href="/"
          >
            Inicio
          </a>
          <a
            class="nav-link"
            data-rr-ui-event-key="/about"
            href="/about"
          >
            Sobre Nosotros
          </a>
          <a
            class="nav-link"
            data-rr-ui-event-key="/music"
            href="/music"
          >
            Música
          </a>
          <a
            class="nav-link"
            data-rr-ui-event-key="/gallery"
            href="/gallery"
          >
            Galería
          </a>
          <a
            class="nav-link"
            data-rr-ui-event-key="/contact"
            href="/contact"
          >
            Contacto
          </a>
        </div>
      </div>
    </div>
  </nav>
</div>
`;
